main.cpp: In function ‘int main()’:
main.cpp:77:9: warning: ‘tt’ may be used uninitialized in this function [-Wuninitialized]
